<?xml version="1.0" encoding="UTF-8"?>
<TestRun id="f65aa313-1d9b-47ba-8ccf-0f19f02c1f54" name="Xi Ge@XIGE-PC 2012-08-21 13:42:19" runUser="XiGe-PC\Xi Ge" xmlns="http://microsoft.com/schemas/VisualStudio/TeamTest/2010">
  <TestSettings name="IntegrationTests" id="85f80678-5acf-4267-a4f8-e5bf47bd5e87">
    <Description>This test run configuration uses the VS IDE host type in the test run.</Description>
    <Deployment enabled="false" runDeploymentRoot="Xi Ge_XIGE-PC 2012-08-21 13_42_19">
      <DeploymentItem filename="D:\VS workspaces\BeneWar\warnings\warnings\bin\Debug\warnings.dll" />
      <DeploymentItem filename="C:\Program Files (x86)\NLog\.NET Framework 4.0\NLog.dll" />
      <DeploymentItem filename="D:\VS workspaces\BeneWar\warnings\Threading\bin\Debug\BlackHen.Threading.dll" />
    </Deployment>
    <Execution>
      <Hosts>
        <VSSDKTestHostRunConfig name="VS IDE" HiveKind="DevEnv" HiveName="10.0Exp" xmlns="http://microsoft.com/schemas/VisualStudio/SDK/Tools/IdeHostAdapter/2006/06" />
      </Hosts>
      <TestTypeSpecific />
      <AgentRule name="Execution Agents">
      </AgentRule>
    </Execution>
  </TestSettings>
  <Times creation="2012-08-21T13:42:19.1629110-04:00" queuing="2012-08-21T13:42:19.5699343-04:00" start="2012-08-21T13:42:19.5849351-04:00" finish="2012-08-21T13:42:22.4500036-04:00" />
  <ResultSummary outcome="Completed">
    <Counters total="1" executed="1" passed="1" error="0" failed="0" timeout="0" aborted="0" inconclusive="0" passedButRunAborted="0" notRunnable="0" notExecuted="0" disconnected="0" warning="0" completed="0" inProgress="0" pending="0" />
  </ResultSummary>
  <TestDefinitions>
    <UnitTest name="TestMethod2" storage="d:\vs workspaces\benewar\warnings\warningtest\bin\debug\warningtest.dll" id="61a2eadf-76f3-c7ea-0f58-de932f3dd9c7">
      <Execution id="cb28ad75-b37b-4143-a0b0-094279005898" />
      <TestMethod codeBase="D:/VS workspaces/BeneWar/warnings/WarningTest/bin/Debug/WarningTest.DLL" adapterTypeName="Microsoft.VisualStudio.TestTools.TestTypes.Unit.UnitTestAdapter, Microsoft.VisualStudio.QualityTools.Tips.UnitTest.Adapter, Version=10.0.0.0, Culture=neutral, PublicKeyToken=b03f5f7f11d50a3a" className="WarningTest.WorkqueueTests, WarningTest, Version=1.0.0.0, Culture=neutral, PublicKeyToken=null" name="TestMethod2" />
    </UnitTest>
  </TestDefinitions>
  <TestLists>
    <TestList name="Results Not in a List" id="8c84fa94-04c1-424b-9868-57a2d4851a1d" />
    <TestList name="All Loaded Results" id="19431567-8539-422a-85d7-44ee4e166bda" />
  </TestLists>
  <TestEntries>
    <TestEntry testId="61a2eadf-76f3-c7ea-0f58-de932f3dd9c7" executionId="cb28ad75-b37b-4143-a0b0-094279005898" testListId="8c84fa94-04c1-424b-9868-57a2d4851a1d" />
  </TestEntries>
  <Results>
    <UnitTestResult executionId="cb28ad75-b37b-4143-a0b0-094279005898" testId="61a2eadf-76f3-c7ea-0f58-de932f3dd9c7" testName="TestMethod2" computerName="XIGE-PC" duration="00:00:02.2302300" startTime="2012-08-21T13:42:19.5939356-04:00" endTime="2012-08-21T13:42:22.3300034-04:00" testType="13cdc9d9-ddb5-4fa4-a97d-d965ccfc6d4b" outcome="Passed" testListId="8c84fa94-04c1-424b-9868-57a2d4851a1d" relativeResultsDirectory="cb28ad75-b37b-4143-a0b0-094279005898">
    </UnitTestResult>
  </Results>
</TestRun>