<?xml version="1.0" encoding="UTF-8"?>
<TestRun id="26e0ef22-a0e6-483c-a525-772e16d80710" name="Xi Ge@XIGE-PC 2012-08-20 20:10:35" runUser="XiGe-PC\Xi Ge" xmlns="http://microsoft.com/schemas/VisualStudio/TeamTest/2010">
  <TestSettings name="IntegrationTests" id="85f80678-5acf-4267-a4f8-e5bf47bd5e87">
    <Description>This test run configuration uses the VS IDE host type in the test run.</Description>
    <Deployment enabled="false" runDeploymentRoot="Xi Ge_XIGE-PC 2012-08-20 20_10_35">
      <DeploymentItem filename="D:\VS workspaces\BeneWar\warnings\warnings\bin\Debug\warnings.dll" />
      <DeploymentItem filename="D:\VS workspaces\BeneWar\warnings\logger\bin\Debug\csharp-logger.dll" />
    </Deployment>
    <Execution>
      <Hosts>
        <VSSDKTestHostRunConfig name="VS IDE" HiveKind="DevEnv" HiveName="10.0Exp" xmlns="http://microsoft.com/schemas/VisualStudio/SDK/Tools/IdeHostAdapter/2006/06" />
      </Hosts>
      <TestTypeSpecific />
      <AgentRule name="Execution Agents">
      </AgentRule>
    </Execution>
  </TestSettings>
  <Times creation="2012-08-20T20:10:35.6756739-04:00" queuing="2012-08-20T20:10:35.8656848-04:00" start="2012-08-20T20:10:36.0266940-04:00" finish="2012-08-20T20:10:37.4367746-04:00" />
  <ResultSummary outcome="Completed">
    <Counters total="1" executed="1" passed="1" error="0" failed="0" timeout="0" aborted="0" inconclusive="0" passedButRunAborted="0" notRunnable="0" notExecuted="0" disconnected="0" warning="0" completed="0" inProgress="0" pending="0" />
  </ResultSummary>
  <TestDefinitions>
    <UnitTest name="TestMethod4" storage="d:\vs workspaces\benewar\warnings\warningtest\bin\debug\warningtest.dll" id="81f0e662-0eb0-3cce-b7af-8c1cbac82328">
      <Execution id="bfc088c8-c409-4764-bbc5-673b28c88be5" />
      <TestMethod codeBase="D:/VS workspaces/BeneWar/warnings/WarningTest/bin/Debug/WarningTest.DLL" adapterTypeName="Microsoft.VisualStudio.TestTools.TestTypes.Unit.UnitTestAdapter, Microsoft.VisualStudio.QualityTools.Tips.UnitTest.Adapter, Version=10.0.0.0, Culture=neutral, PublicKeyToken=b03f5f7f11d50a3a" className="WarningTest.UtilityTest, WarningTest, Version=1.0.0.0, Culture=neutral, PublicKeyToken=null" name="TestMethod4" />
    </UnitTest>
  </TestDefinitions>
  <TestLists>
    <TestList name="Results Not in a List" id="8c84fa94-04c1-424b-9868-57a2d4851a1d" />
    <TestList name="All Loaded Results" id="19431567-8539-422a-85d7-44ee4e166bda" />
  </TestLists>
  <TestEntries>
    <TestEntry testId="81f0e662-0eb0-3cce-b7af-8c1cbac82328" executionId="bfc088c8-c409-4764-bbc5-673b28c88be5" testListId="8c84fa94-04c1-424b-9868-57a2d4851a1d" />
  </TestEntries>
  <Results>
    <UnitTestResult executionId="bfc088c8-c409-4764-bbc5-673b28c88be5" testId="81f0e662-0eb0-3cce-b7af-8c1cbac82328" testName="TestMethod4" computerName="XIGE-PC" duration="00:00:00.3665536" startTime="2012-08-20T20:10:36.0376946-04:00" endTime="2012-08-20T20:10:37.1957609-04:00" testType="13cdc9d9-ddb5-4fa4-a97d-d965ccfc6d4b" outcome="Passed" testListId="8c84fa94-04c1-424b-9868-57a2d4851a1d" relativeResultsDirectory="bfc088c8-c409-4764-bbc5-673b28c88be5">
    </UnitTestResult>
  </Results>
</TestRun>