<?xml version="1.0" encoding="UTF-8"?>
<TestRun id="bfc78c1a-4794-465e-8bb6-4858a25f8e54" name="Xi Ge@XIGE-PC 2012-08-21 12:40:28" runUser="XiGe-PC\Xi Ge" xmlns="http://microsoft.com/schemas/VisualStudio/TeamTest/2010">
  <TestSettings name="IntegrationTests" id="85f80678-5acf-4267-a4f8-e5bf47bd5e87">
    <Description>This test run configuration uses the VS IDE host type in the test run.</Description>
    <Deployment enabled="false" runDeploymentRoot="Xi Ge_XIGE-PC 2012-08-21 12_40_28">
      <DeploymentItem filename="D:\VS workspaces\BeneWar\warnings\warnings\bin\Debug\warnings.dll" />
      <DeploymentItem filename="C:\Program Files (x86)\NLog\.NET Framework 4.0\NLog.dll" />
      <DeploymentItem filename="D:\VS workspaces\BeneWar\warnings\Threading\bin\Debug\BlackHen.Threading.dll" />
    </Deployment>
    <Execution>
      <Hosts>
        <VSSDKTestHostRunConfig name="VS IDE" HiveKind="DevEnv" HiveName="10.0Exp" xmlns="http://microsoft.com/schemas/VisualStudio/SDK/Tools/IdeHostAdapter/2006/06" />
      </Hosts>
      <TestTypeSpecific />
      <AgentRule name="Execution Agents">
      </AgentRule>
    </Execution>
  </TestSettings>
  <Times creation="2012-08-21T12:40:28.1999163-04:00" queuing="2012-08-21T12:40:28.3809166-04:00" start="2012-08-21T12:40:28.4209167-04:00" finish="2012-08-21T12:40:29.7529354-04:00" />
  <ResultSummary outcome="Completed">
    <Counters total="1" executed="1" passed="1" error="0" failed="0" timeout="0" aborted="0" inconclusive="0" passedButRunAborted="0" notRunnable="0" notExecuted="0" disconnected="0" warning="0" completed="0" inProgress="0" pending="0" />
  </ResultSummary>
  <TestDefinitions>
    <UnitTest name="TestMethod1" storage="d:\vs workspaces\benewar\warnings\warningtest\bin\debug\warningtest.dll" id="f4f3d438-0020-8978-522b-3d9113e7e70d">
      <Execution id="bf042193-328b-4c76-83fc-ab28ae643855" />
      <TestMethod codeBase="D:/VS workspaces/BeneWar/warnings/WarningTest/bin/Debug/WarningTest.DLL" adapterTypeName="Microsoft.VisualStudio.TestTools.TestTypes.Unit.UnitTestAdapter, Microsoft.VisualStudio.QualityTools.Tips.UnitTest.Adapter, Version=10.0.0.0, Culture=neutral, PublicKeyToken=b03f5f7f11d50a3a" className="WarningTest.WorkqueueTests, WarningTest, Version=1.0.0.0, Culture=neutral, PublicKeyToken=null" name="TestMethod1" />
    </UnitTest>
  </TestDefinitions>
  <TestLists>
    <TestList name="Results Not in a List" id="8c84fa94-04c1-424b-9868-57a2d4851a1d" />
    <TestList name="All Loaded Results" id="19431567-8539-422a-85d7-44ee4e166bda" />
  </TestLists>
  <TestEntries>
    <TestEntry testId="f4f3d438-0020-8978-522b-3d9113e7e70d" executionId="bf042193-328b-4c76-83fc-ab28ae643855" testListId="8c84fa94-04c1-424b-9868-57a2d4851a1d" />
  </TestEntries>
  <Results>
    <UnitTestResult executionId="bf042193-328b-4c76-83fc-ab28ae643855" testId="f4f3d438-0020-8978-522b-3d9113e7e70d" testName="TestMethod1" computerName="XIGE-PC" duration="00:00:00.3160029" startTime="2012-08-21T12:40:28.4909168-04:00" endTime="2012-08-21T12:40:29.6239280-04:00" testType="13cdc9d9-ddb5-4fa4-a97d-d965ccfc6d4b" outcome="Passed" testListId="8c84fa94-04c1-424b-9868-57a2d4851a1d" relativeResultsDirectory="bf042193-328b-4c76-83fc-ab28ae643855">
    </UnitTestResult>
  </Results>
</TestRun>